Microchip Technology Inc, v1.41 (B)

Tool Name:
  d:\program files (x86)\microchip\xc16\v1.41\bin\bin\..\bin/elf-ld.exe

Command:
  -p24FJ64GA002 \
  --mdfp=D:/Program Files (x86)/Microchip/MPLABX/v5.30/packs/Microchip/PIC24F-GA-GB_DFP/1.1.74/xc16 \
  -o \
  dist/simulation/debug/calculator.X.debug.elf \
  -Ld:/program files (x86)/microchip/xc16/v1.41/bin/bin/.. \
  -LD:/Program Files (x86)/Microchip/MPLABX/v5.30/packs/Microchip/PIC24F-GA-GB_DFP/1.1.74/xc16/bin/../support/PIC24F/gld \
  -Ld:/program files (x86)/microchip/xc16/v1.41/bin/bin/../../lib \
  -Ld:/program files (x86)/microchip/xc16/v1.41/bin/bin/../../support/PIC24E/gld \
  -Ld:/program files (x86)/microchip/xc16/v1.41/bin/bin/../../support/PIC24F/gld \
  -Ld:/program files (x86)/microchip/xc16/v1.41/bin/bin/../../support/PIC24H/gld \
  -Ld:/program files (x86)/microchip/xc16/v1.41/bin/bin/../../support/dsPIC30F/gld \
  -Ld:/program files (x86)/microchip/xc16/v1.41/bin/bin/../../support/dsPIC33C/gld \
  -Ld:/program files (x86)/microchip/xc16/v1.41/bin/bin/../../support/dsPIC33E/gld \
  -Ld:/program files (x86)/microchip/xc16/v1.41/bin/bin/../../support/dsPIC33F/gld \
  build/simulation/debug/main.o \
  build/simulation/debug/interpreteur.o \
  build/simulation/debug/datas.o \
  build/simulation/debug/calculation.o \
  --defsym=__MPLAB_BUILD=1 \
  --defsym=__MPLAB_DEBUG=1 \
  --defsym=__DEBUG=1 \
  --defsym=__MPLAB_DEBUGGER_SIMULATOR=1 \
  -Tp24FJ64GA002.gld.00 \
  --stack=16 \
  --check-sections \
  --data-init \
  --pack-data \
  --handles \
  --isr \
  --no-gc-sections \
  --fill-upper=0 \
  --stackguard=16 \
  --no-force-link \
  --smart-io \
  -Map=dist/simulation/debug/calculator.X.debug.map \
  --report-mem \
  --memorysummary \
  dist/simulation/debug/memoryfile.xml \
  -start-group \
  --library=lega-pic30-elf \
  --library=m-elf \
  --library=lega-c-elf \
  -end-group \


Optional library libpPIC24Fxxx.a not found
Archive member included because of file (symbol)

d:/program files (x86)/microchip/xc16/v1.41/bin/bin/../../lib\liblega-pic30-elf.a(crt0_standard.o)
                              (__resetPRI)
d:/program files (x86)/microchip/xc16/v1.41/bin/bin/../../lib\liblega-pic30-elf.a(data_init_standard.o)
                              d:/program files (x86)/microchip/xc16/v1.41/bin/bin/../../lib\liblega-pic30-elf.a(crt0_standard.o) (__data_init_standard)
d:/program files (x86)/microchip/xc16/v1.41/bin/bin/../../lib\liblega-pic30-elf.a(crt_start_mode_normal.Leo)
                              (__crt_start_mode_normal)
d:/program files (x86)/microchip/xc16/v1.41/bin/bin/../../lib\liblega-pic30-elf.a(delay32.Leo)
                              build/simulation/debug/main.o (___delay32)
d:/program files (x86)/microchip/xc16/v1.41/bin/bin/../../lib\libm-elf.a(addsf3.eo)
                              build/simulation/debug/calculation.o (___subsf3)
d:/program files (x86)/microchip/xc16/v1.41/bin/bin/../../lib\libm-elf.a(cosf.eo)
                              build/simulation/debug/calculation.o (_cosf)
d:/program files (x86)/microchip/xc16/v1.41/bin/bin/../../lib\libm-elf.a(divsf3.eo)
                              build/simulation/debug/calculation.o (___divsf3)
d:/program files (x86)/microchip/xc16/v1.41/bin/bin/../../lib\libm-elf.a(feqltle.eo)
                              build/simulation/debug/calculation.o (___eqsf2)
d:/program files (x86)/microchip/xc16/v1.41/bin/bin/../../lib\libm-elf.a(fgtge.eo)
                              build/simulation/debug/calculation.o (___gtsf2)
d:/program files (x86)/microchip/xc16/v1.41/bin/bin/../../lib\libm-elf.a(fixsfsi.eo)
                              build/simulation/debug/main.o (_(float, int, long long, short, float, short, int))
d:/program files (x86)/microchip/xc16/v1.41/bin/bin/../../lib\libm-elf.a(fne.eo)
                              build/simulation/debug/calculation.o (___nesf2)
d:/program files (x86)/microchip/xc16/v1.41/bin/bin/../../lib\libm-elf.a(fpack.eo)
                              d:/program files (x86)/microchip/xc16/v1.41/bin/bin/../../lib\libm-elf.a(addsf3.eo) (__fpack)
d:/program files (x86)/microchip/xc16/v1.41/bin/bin/../../lib\libm-elf.a(funpack.eo)
                              d:/program files (x86)/microchip/xc16/v1.41/bin/bin/../../lib\libm-elf.a(fixsfsi.eo) (__funpack)
d:/program files (x86)/microchip/xc16/v1.41/bin/bin/../../lib\libm-elf.a(funpack2.eo)
                              d:/program files (x86)/microchip/xc16/v1.41/bin/bin/../../lib\libm-elf.a(addsf3.eo) (__funpack2)
d:/program files (x86)/microchip/xc16/v1.41/bin/bin/../../lib\libm-elf.a(futil.eo)
                              d:/program files (x86)/microchip/xc16/v1.41/bin/bin/../../lib\libm-elf.a(addsf3.eo) (__fPropagateNaN)
d:/program files (x86)/microchip/xc16/v1.41/bin/bin/../../lib\libm-elf.a(logf.eo)
                              build/simulation/debug/calculation.o (_logf)
d:/program files (x86)/microchip/xc16/v1.41/bin/bin/../../lib\libm-elf.a(mulsf3.eo)
[...]
Memory Configuration

Name             Origin             Length             Attributes
data             0x000800           0x002000           a !xr
reset            0x000000           0x000004  
ivt              0x000004           0x0000fc  
_reserved        0x000100           0x000004  
aivt             0x000104           0x0000fc  
program          0x000200           0x00a9fc           xr
CONFIG2          0x00abfc           0x000002  
CONFIG1          0x00abfe           0x000002  
*default*        0x000000           0xffffffff  

Linker script and memory map

LOAD build/simulation/debug/main.o
LOAD build/simulation/debug/interpreteur.o
LOAD build/simulation/debug/datas.o
LOAD build/simulation/debug/calculation.o
                    0x0001                  __MPLAB_BUILD = 0x1
                    0x0001                  __MPLAB_DEBUG = 0x1
                    0x0001                  __DEBUG = 0x1
                    0x0001                  __MPLAB_DEBUGGER_SIMULATOR = 0x1
LOAD pPIC24Fxxx
LOAD d:/program files (x86)/microchip/xc16/v1.41/bin/bin/../../lib\libfx-elf.a
                    0xabfc                  __CONFIG2 = 0xabfc
                    0xabfe                  __CONFIG1 = 0xabfe
                    0x0001                  __NO_HANDLES = 0x1
                    0x0200                  __CODE_BASE = 0x200
                    0xa9fc                  __CODE_LENGTH = 0xa9fc
                    0x0004                  __IVT_BASE = 0x4
                    0x0104                  __AIVT_BASE = 0x104
                    0x0800                  __DATA_BASE = 0x800
                    0x2000                  __DATA_LENGTH = 0x2000

.reset            0x000000          0x4
                  0x000000          0x2 SHORT 0x200 ABSOLUTE (__reset)
                  0x000001          0x2 SHORT 0x4
                  0x000002          0x2 SHORT 0x0 ((ABSOLUTE (__reset) >> 0x10) & 0x7f)
                  0x000003          0x2 SHORT 0x0

.text             0x000200       0x2f72
 *(.init)
 .init            0x000200         0x4c d:/program files (x86)/microchip/xc16/v1.41/bin/bin/../../lib\liblega-pic30-elf.a(crt0_standard.o)
                  0x000200                  __resetPRI
                  0x000200                  __reset
                  0x00023c                  __psv_init
 .init            0x00024c         0x7c d:/program files (x86)/microchip/xc16/v1.41/bin/bin/../../lib\liblega-pic30-elf.a(data_init_standard.o)
                  0x000252                  __data_init_standard
                  0x000252                  __data_init
 *(.user_init)
 *(.handle)
 *(.isr*)
 .isr             0x0002d8          0x4 default_isr
                  0x0002d8                  __DefaultInterrupt
 *(.libc)
 .libc            0x0002dc         0x12 d:/program files (x86)/microchip/xc16/v1.41/bin/bin/../../lib\liblega-pic30-elf.a(close.Leo)
                  0x0002dc                  _close
 .libc            0x0002ee         0x84 d:/program files (x86)/microchip/xc16/v1.41/bin/bin/../../lib\liblega-pic30-elf.a(write.Leo)
                  0x0002ee                  _write
 .libc            0x000372         0x12 d:/program files (x86)/microchip/xc16/v1.41/bin/bin/../../lib\liblega-pic30-elf.a(remove.Leo)
                  0x000372                  _remove
 .libc            0x000384         0x28 d:/program files (x86)/microchip/xc16/v1.41/bin/bin/../../lib\liblega-pic30-elf.a(sbrk.Leo)
                  0x000384                  _sbrk
 .libc            0x0003ac         0x1a d:/program files (x86)/microchip/xc16/v1.41/bin/bin/../../lib\liblega-pic30-elf.a(brk.Lelo)
                  0x0003ac                  _brk
 *(.libm)
 *(.libdsp)
 *(.lib*)
 .libpic30_crt_start_mode
                  0x0003c6          0x2 d:/program files (x86)/microchip/xc16/v1.41/bin/bin/../../lib\liblega-pic30-elf.a(crt_start_mode_normal.Leo)
                  0x0003c6                  __crt_start_mode
                  0x0003c6                  __crt_start_mode_normal
 .libm.subsf3     0x0003c8         0xbc d:/program files (x86)/microchip/xc16/v1.41/bin/bin/../../lib\libm-elf.a(addsf3.eo)
                  0x0003c8                  ___subsf3
                  0x0003ca                  ___addsf3
 .libm.cosf       0x000484          0x4 d:/program files (x86)/microchip/xc16/v1.41/bin/bin/../../lib\libm-elf.a(cosf.eo)
                  0x000484                  _cosf
 .libm.divfs3     0x000488         0x84 d:/program files (x86)/microchip/xc16/v1.41/bin/bin/../../lib\libm-elf.a(divsf3.eo)
                  0x000488                  ___divsf3
 .libm.eqsf2      0x00050c          0x4 d:/program files (x86)/microchip/xc16/v1.41/bin/bin/../../lib\libm-elf.a(feqltle.eo)
                  0x00050c                  ___eqsf2
                  0x00050c                  ___ltsf2
                  0x00050c                  ___lesf2
 .libm.gtsf2      0x000510          0x4 d:/program files (x86)/microchip/xc16/v1.41/bin/bin/../../lib\libm-elf.a(fgtge.eo)
                  0x000510                  ___gesf2
                  0x000510                  ___gtsf2
 .libm.fixsfsi    0x000514         0x42 d:/program files (x86)/microchip/xc16/v1.41/bin/bin/../../lib\libm-elf.a(fixsfsi.eo)
                  0x000514                  _(float, int, long long, short, float, short, int)
 .libm.nesf2      0x000556          0x4 d:/program files (x86)/microchip/xc16/v1.41/bin/bin/../../lib\libm-elf.a(fne.eo)
                  0x000556                  ___nesf2
 .libm.fpack      0x00055a         0x4c d:/program files (x86)/microchip/xc16/v1.41/bin/bin/../../lib\libm-elf.a(fpack.eo)
                  0x00055a                  __fpack
 .libm.funpack    0x0005a6         0x2a d:/program files (x86)/microchip/xc16/v1.41/bin/bin/../../lib\libm-elf.a(funpack.eo)
                  0x0005a6                  __funpack
 .libm.funpack2
                  0x0005d0         0x10 d:/program files (x86)/microchip/xc16/v1.41/bin/bin/../../lib\libm-elf.a(funpack2.eo)
                  0x0005d0                  __funpack2
 .libm.fPropagateNaN
                  0x0005e0         0x12 d:/program files (x86)/microchip/xc16/v1.41/bin/bin/../../lib\libm-elf.a(futil.eo)
                  0x0005e0                  __fPropagateNaN
 .libm.fbobExit
                  0x0005f2          0x8 d:/program files (x86)/microchip/xc16/v1.41/bin/bin/../../lib\libm-elf.a(futil.eo)
                  0x0005f2                  __fbopExit
 .libm.fbopReturnNaN
                  0x0005fa          0x6 d:/program files (x86)/microchip/xc16/v1.41/bin/bin/../../lib\libm-elf.a(futil.eo)
                  0x0005fa                  __fbopReturnNaN
 .libm.logf       0x000600         0xae d:/program files (x86)/microchip/xc16/v1.41/bin/bin/../../lib\libm-elf.a(logf.eo)
                  0x000600                  _logf
 .libm.mulsf3     0x0006ae         0x68 d:/program files (x86)/microchip/xc16/v1.41/bin/bin/../../lib\libm-elf.a(mulsf3.eo)
                  0x0006ae                  ___mulsf3
 .libm.powf       0x000716        0x1c6 d:/program files (x86)/microchip/xc16/v1.41/bin/bin/../../lib\libm-elf.a(powf.eo)
                  0x000716                  _powf
 .libm.sincosf    0x0008dc         0xd2 d:/program files (x86)/microchip/xc16/v1.41/bin/bin/../../lib\libm-elf.a(sincosf.eo)
                  0x0008dc                  __sincosf
 .libm.sinf       0x0009ae          0x4 d:/program files (x86)/microchip/xc16/v1.41/bin/bin/../../lib\libm-elf.a(sinf.eo)
                  0x0009ae                  _sinf
 .libm.sqrtf      0x0009b2         0x6a d:/program files (x86)/microchip/xc16/v1.41/bin/bin/../../lib\libm-elf.a(sqrtf.eo)
                  0x0009b2                  _sqrtf
 .libm.tanf       0x000a1c         0xba d:/program files (x86)/microchip/xc16/v1.41/bin/bin/../../lib\libm-elf.a(tanf.eo)
                  0x000a1c                  _tanf
 .libm.__PplusBdi
                  0x000ad6         0x26 d:/program files (x86)/microchip/xc16/v1.41/bin/bin/../../lib\libm-elf.a(divmoddi3.eo)
 .libm.__PminusBdi
                  0x000afc         0x26 d:/program files (x86)/microchip/xc16/v1.41/bin/bin/../../lib\libm-elf.a(divmoddi3.eo)
 .libm.__udivmoddi3
                  0x000b22         0xe6 d:/program files (x86)/microchip/xc16/v1.41/bin/bin/../../lib\libm-elf.a(divmoddi3.eo)
                  0x000b22                  ___udivmoddi3
 .libm.__udivdi3
                  0x000c08          0xe d:/program files (x86)/microchip/xc16/v1.41/bin/bin/../../lib\libm-elf.a(divmoddi3.eo)
                  0x000c08                  ___udivdi3
 .libm.__umoddi3
                  0x000c16          0x8 d:/program files (x86)/microchip/xc16/v1.41/bin/bin/../../lib\libm-elf.a(divmoddi3.eo)
                  0x000c16                  ___umoddi3
 .libm.__divdi3
                  0x000c1e         0x60 d:/program files (x86)/microchip/xc16/v1.41/bin/bin/../../lib\libm-elf.a(divmoddi3.eo)
                  0x000c1e                  ___divdi3
 .libm.__moddi3
                  0x000c7e         0x5c d:/program files (x86)/microchip/xc16/v1.41/bin/bin/../../lib\libm-elf.a(divmoddi3.eo)
                  0x000c7e                  ___moddi3
 .libm.__muldi3
                  0x000cda         0x52 d:/program files (x86)/microchip/xc16/v1.41/bin/bin/../../lib\libm-elf.a(muldi3.eo)
                  0x000cda                  ___muldi3
 .libm.frexpf     0x000d2c         0x1a d:/program files (x86)/microchip/xc16/v1.41/bin/bin/../../lib\libm-elf.a(_frexpf.eo)
                  0x000d2c                  __frexpf
 .libm.expf       0x000d46         0xc4 d:/program files (x86)/microchip/xc16/v1.41/bin/bin/../../lib\libm-elf.a(expf.eo)
                  0x000d46                  _expf
 .libm.fchop      0x000e0a         0x4e d:/program files (x86)/microchip/xc16/v1.41/bin/bin/../../lib\libm-elf.a(fchop.eo)
                  0x000e0a                  __fchop
 .libm.fcompare
                  0x000e58         0x36 d:/program files (x86)/microchip/xc16/v1.41/bin/bin/../../lib\libm-elf.a(fcompare.eo)
                  0x000e58                  __fcompare
 .libm.floatsisf
                  0x000e8e          0x6 d:/program files (x86)/microchip/xc16/v1.41/bin/bin/../../lib\libm-elf.a(floatsisf.eo)
                  0x000e8e                  ___floatsisf
 .libm.fmodf      0x000e94          0x4 d:/program files (x86)/microchip/xc16/v1.41/bin/bin/../../lib\libm-elf.a(fmodf.eo)
                  0x000e94                  _fmodf
 .libm.fmodrem    0x000e98         0x9e d:/program files (x86)/microchip/xc16/v1.41/bin/bin/../../lib\libm-elf.a(fmodrem.eo)
                  0x000e98                  __fmodrem
 .libm.ldexpf     0x000f36         0x44 d:/program files (x86)/microchip/xc16/v1.41/bin/bin/../../lib\libm-elf.a(ldexpf.eo)
                  0x000f36                  _ldexpf
 .libm.umuldi3    0x000f7a         0x44 d:/program files (x86)/microchip/xc16/v1.41/bin/bin/../../lib\libm-elf.a(umuldi3.eo)
                  0x000f7a                  ___umuldi3
 .libm.floatdisf
                  0x000fbe         0x20 d:/program files (x86)/microchip/xc16/v1.41/bin/bin/../../lib\libm-elf.a(floatdisf.eo)
                  0x000fbe                  ___floatdisf
 .libm.floatundisf
                  0x000fde         0x5e d:/program files (x86)/microchip/xc16/v1.41/bin/bin/../../lib\libm-elf.a(floatundisf.eo)
                  0x000fde                  ___floatundisf
 .libc.memcpy     0x00103c          0xe d:/program files (x86)/microchip/xc16/v1.41/bin/bin/../../lib\liblega-c-elf.a(memcpy.XX_eo)
                  0x00103c                  _memcpy
 .libc.putchar    0x00104a          0x4 d:/program files (x86)/microchip/xc16/v1.41/bin/bin/../../lib\liblega-c-elf.a(putchar.XX_eo)
                  0x00104a                  _putchar
 .libc.puts       0x00104e         0x16 d:/program files (x86)/microchip/xc16/v1.41/bin/bin/../../lib\liblega-c-elf.a(puts.XX_eo)
                  0x00104e                  _puts
 .libc.strcat     0x001064         0x14 d:/program files (x86)/microchip/xc16/v1.41/bin/bin/../../lib\liblega-c-elf.a(strcat.XX_eo)
                  0x001064                  _strcat
 .libc.strcmp     0x001078         0x20 d:/program files (x86)/microchip/xc16/v1.41/bin/bin/../../lib\liblega-c-elf.a(strcmp.XX_eo)
                  0x001078                  _strcmp
 .libc.strcpy     0x001098          0xc d:/program files (x86)/microchip/xc16/v1.41/bin/bin/../../lib\liblega-c-elf.a(strcpy.XX_eo)
                  0x001098                  _strcpy
 .libc.strlen     0x0010a4          0xc d:/program files (x86)/microchip/xc16/v1.41/bin/bin/../../lib\liblega-c-elf.a(strlen.XX_eo)
                  0x0010a4                  _strlen
 .libc._Stof      0x0010b0         0xaa d:/program files (x86)/microchip/xc16/v1.41/bin/bin/../../lib\liblega-c-elf.a(xstod.XX_eo)
                  0x0010b0                  __Stof
 .libc._Stoflt    0x00115a        0x1d0 d:/program files (x86)/microchip/xc16/v1.41/bin/bin/../../lib\liblega-c-elf.a(xstoflt.XX_eo)
                  0x00115a                  __Stoflt
 .libc._Stopfx    0x00132a        0x122 d:/program files (x86)/microchip/xc16/v1.41/bin/bin/../../lib\liblega-c-elf.a(xstopfx.XX_eo)
                  0x00132a                  __Stopfx
 .libc._Stoxflt
                  0x00144c        0x1f0 d:/program files (x86)/microchip/xc16/v1.41/bin/bin/../../lib\liblega-c-elf.a(xstoxflt.XX_eo)
                  0x00144c                  __Stoxflt
 .libc.isalnum    0x00163c         0x1c d:/program files (x86)/microchip/xc16/v1.41/bin/bin/../../lib\liblega-c-elf.a(isalnum.XX_elso)
                  0x00163c                  _isalnum
 .libc.isspace    0x001658         0x10 d:/program files (x86)/microchip/xc16/v1.41/bin/bin/../../lib\liblega-c-elf.a(isspace.XX_elso)
                  0x001658                  _isspace
 .libc.fputc      0x001668         0x4c d:/program files (x86)/microchip/xc16/v1.41/bin/bin/../../lib\liblega-c-elf.a(fputc.XX_elo)
                  0x001668                  _fputc
 .libc.dmul       0x0016b4         0x28 d:/program files (x86)/microchip/xc16/v1.41/bin/bin/../../lib\liblega-c-elf.a(xdtento.XX_elo)
 .libc._FDtento
                  0x0016dc         0xda d:/program files (x86)/microchip/xc16/v1.41/bin/bin/../../lib\liblega-c-elf.a(xdtento.XX_elo)
                  0x0016dc                  __FDtento
 .libc._FDscale
                  0x0017b6         0xb6 d:/program files (x86)/microchip/xc16/v1.41/bin/bin/../../lib\liblega-c-elf.a(xfdscale.XX_elo)
                  0x0017b6                  __FDscale
 .libc._FDunscale
                  0x00186c         0x48 d:/program files (x86)/microchip/xc16/v1.41/bin/bin/../../lib\liblega-c-elf.a(xfdunsca.XX_elo)
                  0x00186c                  __FDunscale
 .libc._Feraise
                  0x0018b4         0x14 d:/program files (x86)/microchip/xc16/v1.41/bin/bin/../../lib\liblega-c-elf.a(xferaise.XX_elo)
                  0x0018b4                  __Feraise
 .libc.prout      0x0018c8          0xe d:/program files (x86)/microchip/xc16/v1.41/bin/bin/../../lib\liblega-c-elf.a(sprintf_cdfFgGnopsuxX.XXeo)
                  0x0018c8                  sprintf_cdfFgGnopsuxX.XXeo:_prout
 .libc._sprintf_cdfFgGnopsuxX
                  0x0018d6         0x1e d:/program files (x86)/microchip/xc16/v1.41/bin/bin/../../lib\liblega-c-elf.a(sprintf_cdfFgGnopsuxX.XXeo)
                  0x0018d6                  __sprintf_cdfFgGnopsuxX
                  0x0018d6                  __sprintf_cdfFnopsuxX
                  0x0018d6                  __sprintf_cdnopuxX
                  0x0018d6                  __sprintf_cdnopsuxX
 .libc.__Printf_cdfFgGnopsuxX
                  0x0018f4        0x164 d:/program files (x86)/microchip/xc16/v1.41/bin/bin/../../lib\liblega-c-elf.a(xprintf_cdfFgGnopsuxX.XXeo)
                  0x0018f4                  ___Printf_cdnopsuxX
                  0x0018f4                  ___Printf_s
                  0x0018f4                  ___Printf_cdfFnopsuxX
                  0x0018f4                  ___Printf_cdnopuxX
                  0x0018f4                  ___Printf_cdfFgGnopsuxX
 .libc.__Putfld_cdfFgGnopsuxX
                  0x001a58        0x2da d:/program files (x86)/microchip/xc16/v1.41/bin/bin/../../lib\liblega-c-elf.a(xputfld_cdfFgGnopsuxX.XXeo)
                  0x001a58                  ___Putfld_cdnopuxX
                  0x001a58                  ___Putfld_cdnopsuxX
                  0x001a58                  ___Putfld_cdfFgGnopsuxX
                  0x001a58                  ___Putfld_cdfFnopsuxX
                  0x001a58                  ___Putfld_s
 .libc.__Ldtob_cdfFgGnopsuxX
                  0x001d32        0x266 d:/program files (x86)/microchip/xc16/v1.41/bin/bin/../../lib\liblega-c-elf.a(xldtob_cdfFgGnopsuxX.XXeo)
                  0x001d32                  ___Ldtob_cdfFnopsuxX
                  0x001d32                  ___Ldtob_cdfFgGnopsuxX
 .libc.__Genld_cdfFgGnopsuxX
                  0x001f98        0x23a d:/program files (x86)/microchip/xc16/v1.41/bin/bin/../../lib\liblega-c-elf.a(xgenld_cdfFgGnopsuxX.XXeo)
                  0x001f98                  ___Genld_cdfFgGnopsuxX
                  0x001f98                  ___Genld_cdfFnopsuxX
 .libc.prout      0x0021d2         0x1c d:/program files (x86)/microchip/xc16/v1.41/bin/bin/../../lib\liblega-c-elf.a(printf_cdnopsuxX.XXeo)
                  0x0021d2                  printf_cdnopsuxX.XXeo:_prout
 .libc._printf_cdnopsuxX
                  0x0021ee         0x10 d:/program files (x86)/microchip/xc16/v1.41/bin/bin/../../lib\liblega-c-elf.a(printf_cdnopsuxX.XXeo)
                  0x0021ee                  __printf_0
                  0x0021ee                  __printf_s
                  0x0021ee                  __printf_cdnopuxX
                  0x0021ee                  __printf_cdnopsuxX
 .libc.div        0x0021fe         0x16 d:/program files (x86)/microchip/xc16/v1.41/bin/bin/../../lib\liblega-c-elf.a(div.XX_eo)
                  0x0021fe                  _div
 .libc._DNKfflush
                  0x002214         0x76 d:/program files (x86)/microchip/xc16/v1.41/bin/bin/../../lib\liblega-c-elf.a(fflush.XX_eo)
                  0x002214                  __DNKfflush
 .libc.fputs      0x00228a         0x90 d:/program files (x86)/microchip/xc16/v1.41/bin/bin/../../lib\liblega-c-elf.a(fputs.XX_eo)
                  0x00228a                  _fputs
 .libc.fwrite     0x00231a         0xa8 d:/program files (x86)/microchip/xc16/v1.41/bin/bin/../../lib\liblega-c-elf.a(fwrite.XX_eo)
                  0x00231a                  _fwrite
 .libc.ldiv       0x0023c2         0x2a d:/program files (x86)/microchip/xc16/v1.41/bin/bin/../../lib\liblega-c-elf.a(ldiv.XX_eo)
                  0x0023c2                  _ldiv
 .libc.memchr     0x0023ec         0x14 d:/program files (x86)/microchip/xc16/v1.41/bin/bin/../../lib\liblega-c-elf.a(memchr.XX_eo)
                  0x0023ec                  _memchr
 .libc.strchr     0x002400         0x18 d:/program files (x86)/microchip/xc16/v1.41/bin/bin/../../lib\liblega-c-elf.a(strchr.XX_eo)
                  0x002400                  _strchr
 .libc.strrchr    0x002418         0x14 d:/program files (x86)/microchip/xc16/v1.41/bin/bin/../../lib\liblega-c-elf.a(strrchr.XX_eo)
                  0x002418                  _strrchr
 .libc._FDnorm    0x00242c         0x52 d:/program files (x86)/microchip/xc16/v1.41/bin/bin/../../lib\liblega-c-elf.a(xfdnorm.XX_eo)
                  0x00242c                  __FDnorm
 .libc._Fwprep    0x00247e         0x8e d:/program files (x86)/microchip/xc16/v1.41/bin/bin/../../lib\liblega-c-elf.a(xfwprep.XX_eo)
                  0x00247e                  __Fwprep
 .libc._LDunscale
                  0x00250c         0x54 d:/program files (x86)/microchip/xc16/v1.41/bin/bin/../../lib\liblega-c-elf.a(xldunsca.XX_eo)
                  0x00250c                  __LDunscale
 .libc._Litob     0x002560        0x25e d:/program files (x86)/microchip/xc16/v1.41/bin/bin/../../lib\liblega-c-elf.a(xlitob.XX_eo)
                  0x002560                  __Litob
 .libc._Puttxt    0x0027be        0x178 d:/program files (x86)/microchip/xc16/v1.41/bin/bin/../../lib\liblega-c-elf.a(xputtxt.XX_eo)
                  0x0027be                  __Puttxt
 .libc._Vacopy    0x002936          0x4 d:/program files (x86)/microchip/xc16/v1.41/bin/bin/../../lib\liblega-c-elf.a(xvacopy.XX_eo)
                  0x002936                  __Vacopy
 .libc.closeallreg
                  0x00293a          0x4 d:/program files (x86)/microchip/xc16/v1.41/bin/bin/../../lib\liblega-c-elf.a(fclose.XX_elo)
 .libc._Closreg
                  0x00293e         0x12 d:/program files (x86)/microchip/xc16/v1.41/bin/bin/../../lib\liblega-c-elf.a(fclose.XX_elo)
                  0x00293e                  __Closreg
 .libc.fclose     0x002950         0x90 d:/program files (x86)/microchip/xc16/v1.41/bin/bin/../../lib\liblega-c-elf.a(fclose.XX_elo)
                  0x002950                  _fclose
 .libc.closeall
                  0x0029e0         0x20 d:/program files (x86)/microchip/xc16/v1.41/bin/bin/../../lib\liblega-c-elf.a(fclose.XX_elo)
                  0x0029e0                  fclose.XX_elo:_closeall
 .libc._Atexit    0x002a00         0x18 d:/program files (x86)/microchip/xc16/v1.41/bin/bin/../../lib\liblega-c-elf.a(xatexit.XX_elo)
                  0x002a00                  __Atexit
 .libc._Dnorm     0x002a18         0x98 d:/program files (x86)/microchip/xc16/v1.41/bin/bin/../../lib\liblega-c-elf.a(xdnorm.XX_elo)
                  0x002a18                  __Dnorm
 .libc.free       0x002ab0         0x64 d:/program files (x86)/microchip/xc16/v1.41/bin/bin/../../lib\liblega-c-elf.a(free.XX_eo)
                  0x002ab0                  _free
 .libc.findmem    0x002b14         0x66 d:/program files (x86)/microchip/xc16/v1.41/bin/bin/../../lib\liblega-c-elf.a(malloc.XX_eo)
 .libc.malloc     0x002b7a         0x54 d:/program files (x86)/microchip/xc16/v1.41/bin/bin/../../lib\liblega-c-elf.a(malloc.XX_eo)
                  0x002b7a                  _malloc
 .libc._Getmem    0x002bce         0x14 d:/program files (x86)/microchip/xc16/v1.41/bin/bin/../../lib\liblega-c-elf.a(xgetmem.XX_eo)
                  0x002bce                  __Getmem
 .libc.doclose    0x002be2          0x4 d:/program files (x86)/microchip/xc16/v1.41/bin/bin/../../lib\liblega-pic30-elf.a(close.Leo)
 .libc.dowrite    0x002be6          0x4 d:/program files (x86)/microchip/xc16/v1.41/bin/bin/../../lib\liblega-pic30-elf.a(write.Leo)
 .libc.doremove
                  0x002bea          0x4 d:/program files (x86)/microchip/xc16/v1.41/bin/bin/../../lib\liblega-pic30-elf.a(remove.Leo)
 .libm.eqdf2      0x002bee          0xa d:/program files (x86)/microchip/xc16/v1.41/bin/bin/../../lib\libm-elf.a(deqltle.eo)
                  0x002bee                  ___eqdf2
                  0x002bee                  ___ltdf2
                  0x002bee                  ___ledf2
 .libm.gtdf2      0x002bf8          0xa d:/program files (x86)/microchip/xc16/v1.41/bin/bin/../../lib\libm-elf.a(dgtge.eo)
                  0x002bf8                  ___gtdf2
                  0x002bf8                  ___gedf2
 .libm.divdf3     0x002c02         0xb4 d:/program files (x86)/microchip/xc16/v1.41/bin/bin/../../lib\libm-elf.a(divdf3.eo)
                  0x002c02                  ___divdf3
 .libm.divsi3     0x002cb6         0x1e d:/program files (x86)/microchip/xc16/v1.41/bin/bin/../../lib\libm-elf.a(divsi3.eo)
                  0x002cb6                  ___divsi3
 .libm.dpack      0x002cd4         0x58 d:/program files (x86)/microchip/xc16/v1.41/bin/bin/../../lib\libm-elf.a(dpack.eo)
                  0x002cd4                  __dpack
 .libm.dunpack2
                  0x002d2c         0x32 d:/program files (x86)/microchip/xc16/v1.41/bin/bin/../../lib\libm-elf.a(dunpack2.eo)
                  0x002d2c                  __dunpack2
                  0x002d4e                  __dreturnNaN
                  0x002d54                  __dunpack2exit
 .libm.extendsfdf2
                  0x002d5e         0x3e d:/program files (x86)/microchip/xc16/v1.41/bin/bin/../../lib\libm-elf.a(extendsfdf.eo)
                  0x002d5e                  ___extendsfdf2
 .libm.fixdfsi    0x002d9c         0x58 d:/program files (x86)/microchip/xc16/v1.41/bin/bin/../../lib\libm-elf.a(fixdfsi.eo)
                  0x002d9c                  _(float, int, long long, double, float, short, int)
 .libm.floatsidf
                  0x002df4          0x6 d:/program files (x86)/microchip/xc16/v1.41/bin/bin/../../lib\libm-elf.a(floatsidf.eo)
                  0x002df4                  ___floatsidf
 *fill*           0x002dfa          0x400
 .libm.muldf3     0x002dfc         0xec d:/program files (x86)/microchip/xc16/v1.41/bin/bin/../../lib\libm-elf.a(muldf3.eo)
                  0x002dfc                  ___muldf3
 .libm.subdf3     0x002ee8          0x4 d:/program files (x86)/microchip/xc16/v1.41/bin/bin/../../lib\libm-elf.a(subdf3.eo)
                  0x002ee8                  ___subdf3
 .libm.udivsi3    0x002eec         0x20 d:/program files (x86)/microchip/xc16/v1.41/bin/bin/../../lib\libm-elf.a(udivsi3.eo)
                  0x002eec                  ___udivsi3
 .libm.umodsi3    0x002f0c          0x6 d:/program files (x86)/microchip/xc16/v1.41/bin/bin/../../lib\libm-elf.a(umodsi3.eo)
                  0x002f0c                  ___umodsi3
 .libm.mulsi3     0x002f12          0xc d:/program files (x86)/microchip/xc16/v1.41/bin/bin/../../lib\libm-elf.a(mulsi3.eo)
                  0x002f12                  ___mulp32peds3
                  0x002f12                  ___mulsi3
                  0x002f12                  ___mulp32eds3
 *fill*           0x002f1e          0x400
 .libm.adddf3     0x002f20         0xfc d:/program files (x86)/microchip/xc16/v1.41/bin/bin/../../lib\libm-elf.a(adddf3.eo)
                  0x002f20                  ___adddf3
 .libm.dcompare
                  0x00301c         0x52 d:/program files (x86)/microchip/xc16/v1.41/bin/bin/../../lib\libm-elf.a(dcompare.eo)
                  0x00301c                  __dcompare
 .libm.dPropagateNaN
                  0x00306e         0x1c d:/program files (x86)/microchip/xc16/v1.41/bin/bin/../../lib\libm-elf.a(dpropagateNaN.eo)
                  0x00306e                  __dPropagateNaN
 .libm.dtype      0x00308a         0x24 d:/program files (x86)/microchip/xc16/v1.41/bin/bin/../../lib\libm-elf.a(dtype.eo)
                  0x00308a                  __dtype
 .libm.dunpack    0x0030ae         0x4e d:/program files (x86)/microchip/xc16/v1.41/bin/bin/../../lib\libm-elf.a(dunpack.eo)
                  0x0030ae                  __dunpack
 .libm.floatdidf
                  0x0030fc         0x20 d:/program files (x86)/microchip/xc16/v1.41/bin/bin/../../lib\libm-elf.a(floatdidf.eo)
                  0x0030fc                  ___floatdidf
 .libm.floatundidf
                  0x00311c         0x56 d:/program files (x86)/microchip/xc16/v1.41/bin/bin/../../lib\libm-elf.a(floatundidf.eo)
                  0x00311c                  ___floatundidf

usercode
 *(usercode)

__CONFIG2
 *(__CONFIG2.sec*)

__CONFIG1
 *(__CONFIG1.sec*)

.comment          0x000000         0x5e
 *(.comment)
 .comment         0x000000         0x5e d:/program files (x86)/microchip/xc16/v1.41/bin/bin/../../lib\liblega-c-elf.a(xfiles.XX_eo)

.debug_info       0x000000       0x2dc7
 *(.debug_info)
 .debug_info      0x000000       0x1458 build/simulation/debug/main.o
 .debug_info      0x001458        0x548 build/simulation/debug/interpreteur.o
 .debug_info      0x0019a0        0xf7a build/simulation/debug/datas.o
 .debug_info      0x00291a        0x4ad build/simulation/debug/calculation.o
 *(.gnu.linkonce.wi.*)

.debug_abbrev     0x000000        0x6cb
 *(.debug_abbrev)
 .debug_abbrev    0x000000        0x289 build/simulation/debug/main.o
 .debug_abbrev    0x000289        0x105 build/simulation/debug/interpreteur.o
 .debug_abbrev    0x00038e        0x218 build/simulation/debug/datas.o
 .debug_abbrev    0x0005a6        0x125 build/simulation/debug/calculation.o

.debug_line       0x000000        0x993
 *(.debug_line)
 .debug_line      0x000000        0x4cc build/simulation/debug/main.o
 .debug_line      0x0004cc        0x129 build/simulation/debug/interpreteur.o
 .debug_line      0x0005f5        0x1d0 build/simulation/debug/datas.o
 .debug_line      0x0007c5        0x1ce build/simulation/debug/calculation.o

.debug_frame      0x000000        0xd70
 *(.debug_frame)
 .debug_frame     0x000000        0x4da build/simulation/debug/main.o
 .debug_frame     0x0004da        0x178 build/simulation/debug/interpreteur.o
 .debug_frame     0x000652        0x66a build/simulation/debug/datas.o
 .debug_frame     0x000cbc         0xb4 build/simulation/debug/calculation.o

.debug_str        0x000000         0xe4
 *(.debug_str)
 .debug_str       0x000000         0x69 build/simulation/debug/main.o
 .debug_str       0x000069         0x28 build/simulation/debug/interpreteur.o
 .debug_str       0x000091         0x23 build/simulation/debug/datas.o
 .debug_str       0x0000b4         0x30 build/simulation/debug/calculation.o

.debug_loc
 *(.debug_loc)

.debug_macinfo
 *(.debug_macinfo)

.debug_pubnames
                  0x000000        0x741
 *(.debug_pubnames)
 .debug_pubnames
                  0x000000        0x31b build/simulation/debug/main.o
 .debug_pubnames
                  0x00031b         0xb6 build/simulation/debug/interpreteur.o
 .debug_pubnames
                  0x0003d1        0x2f8 build/simulation/debug/datas.o
 .debug_pubnames
                  0x0006c9         0x78 build/simulation/debug/calculation.o

.debug_ranges
 *(.debug_ranges)

.debug_aranges    0x000000         0x60
 *(.debug_aranges)
 .debug_aranges
                  0x000000         0x18 build/simulation/debug/main.o
 .debug_aranges
                  0x000018         0x18 build/simulation/debug/interpreteur.o
 .debug_aranges
                  0x000030         0x18 build/simulation/debug/datas.o
 .debug_aranges
                  0x000048         0x18 build/simulation/debug/calculation.o
                    0x0000                  WREG0 = 0x0
                    0x0000                  _WREG0 = 0x0
                    0x0002                  WREG1 = 0x2
                    0x0002                  _WREG1 = 0x2
                    0x0004                  WREG2 = 0x4
                    0x0004                  _WREG2 = 0x4
                    0x0006                  WREG3 = 0x6
                    0x0006                  _WREG3 = 0x6
                    0x0008                  WREG4 = 0x8
                    0x0008                  _WREG4 = 0x8
                    0x000a                  WREG5 = 0xa
                    0x000a                  _WREG5 = 0xa
                    0x000c                  WREG6 = 0xc
                    0x000c                  _WREG6 = 0xc
                    0x000e                  WREG7 = 0xe
                    0x000e                  _WREG7 = 0xe
                    0x0010                  WREG8 = 0x10
                    0x0010                  _WREG8 = 0x10
                    0x0012                  WREG9 = 0x12
                    0x0012                  _WREG9 = 0x12
                    0x0014                  WREG10 = 0x14
                    0x0014                  _WREG10 = 0x14
                    0x0016                  WREG11 = 0x16
                    0x0016                  _WREG11 = 0x16
                    0x0018                  WREG12 = 0x18
                    0x0018                  _WREG12 = 0x18
                    0x001a                  WREG13 = 0x1a
                    0x001a                  _WREG13 = 0x1a
                    0x001c                  WREG14 = 0x1c
                    0x001c                  _WREG14 = 0x1c
                    0x001e                  WREG15 = 0x1e
                    0x001e                  _WREG15 = 0x1e
                    0x0020                  SPLIM = 0x20
                    0x0020                  _SPLIM = 0x20
                    0x002e                  PCL = 0x2e
                    0x002e                  _PCL = 0x2e
                    0x0030                  PCH = 0x30
                    0x0030                  _PCH = 0x30
                    0x0032                  TBLPAG = 0x32
                    0x0032                  _TBLPAG = 0x32
                    0x0034                  PSVPAG = 0x34
                    0x0034                  _PSVPAG = 0x34
                    0x0036                  RCOUNT = 0x36
                    0x0036                  _RCOUNT = 0x36
                    0x0042                  SR = 0x42
                    0x0042                  _SR = 0x42
                    0x0042                  _SRbits = 0x42
                    0x0044                  CORCON = 0x44
                    0x0044                  _CORCON = 0x44
                    0x0044                  _CORCONbits = 0x44
                    0x0052                  DISICNT = 0x52
                    0x0052                  _DISICNT = 0x52
                    0x0060                  CNEN1 = 0x60
                    0x0060                  _CNEN1 = 0x60
                    0x0060                  _CNEN1bits = 0x60
                    0x0062                  CNEN2 = 0x62
                    0x0062                  _CNEN2 = 0x62
                    0x0062                  _CNEN2bits = 0x62
                    0x0068                  CNPU1 = 0x68
                    0x0068                  _CNPU1 = 0x68
                    0x0068                  _CNPU1bits = 0x68
                    0x006a                  CNPU2 = 0x6a
                    0x006a                  _CNPU2 = 0x6a
                    0x006a                  _CNPU2bits = 0x6a
                    0x0080                  INTCON1 = 0x80
                    0x0080                  _INTCON1 = 0x80
                    0x0080                  _INTCON1bits = 0x80
                    0x0082                  INTCON2 = 0x82
                    0x0082                  _INTCON2 = 0x82
                    0x0082                  _INTCON2bits = 0x82
                    0x0084                  IFS0 = 0x84
                    0x0084                  _IFS0 = 0x84
                    0x0084                  _IFS0bits = 0x84
                    0x0086                  IFS1 = 0x86
                    0x0086                  _IFS1 = 0x86
                    0x0086                  _IFS1bits = 0x86
                    0x0088                  IFS2 = 0x88
                    0x0088                  _IFS2 = 0x88
                    0x0088                  _IFS2bits = 0x88
                    0x008a                  IFS3 = 0x8a
                    0x008a                  _IFS3 = 0x8a
                    0x008a                  _IFS3bits = 0x8a
                    0x008c                  IFS4 = 0x8c
                    0x008c                  _IFS4 = 0x8c
                    0x008c                  _IFS4bits = 0x8c
                    0x0094                  IEC0 = 0x94
                    0x0094                  _IEC0 = 0x94
                    0x0094                  _IEC0bits = 0x94
                    0x0096                  IEC1 = 0x96
                    0x0096                  _IEC1 = 0x96
                    0x0096                  _IEC1bits = 0x96
                    0x0098                  IEC2 = 0x98
                    0x0098                  _IEC2 = 0x98
                    0x0098                  _IEC2bits = 0x98
                    0x009a                  IEC3 = 0x9a
                    0x009a                  _IEC3 = 0x9a
                    0x009a                  _IEC3bits = 0x9a
                    0x009c                  IEC4 = 0x9c
                    0x009c                  _IEC4 = 0x9c
                    0x009c                  _IEC4bits = 0x9c
                    0x00a4                  IPC0 = 0xa4
                    0x00a4                  _IPC0 = 0xa4
                    0x00a4                  _IPC0bits = 0xa4
                    0x00a6                  IPC1 = 0xa6
                    0x00a6                  _IPC1 = 0xa6
                    0x00a6                  _IPC1bits = 0xa6
                    0x00a8                  IPC2 = 0xa8
                    0x00a8                  _IPC2 = 0xa8
                    0x00a8                  _IPC2bits = 0xa8
                    0x00aa                  IPC3 = 0xaa
                    0x00aa                  _IPC3 = 0xaa
                    0x00aa                  _IPC3bits = 0xaa
                    0x00ac                  IPC4 = 0xac
                    0x00ac                  _IPC4 = 0xac
                    0x00ac                  _IPC4bits = 0xac
                    0x00ae                  IPC5 = 0xae
                    0x00ae                  _IPC5 = 0xae
                    0x00ae                  _IPC5bits = 0xae
                    0x00b0                  IPC6 = 0xb0
                    0x00b0                  _IPC6 = 0xb0
                    0x00b0                  _IPC6bits = 0xb0
                    0x00b2                  IPC7 = 0xb2
                    0x00b2                  _IPC7 = 0xb2
                    0x00b2                  _IPC7bits = 0xb2
                    0x00b4                  IPC8 = 0xb4
                    0x00b4                  _IPC8 = 0xb4
                    0x00b4                  _IPC8bits = 0xb4
                    0x00b6                  IPC9 = 0xb6
                    0x00b6                  _IPC9 = 0xb6
                    0x00b6                  _IPC9bits = 0xb6
                    0x00b8                  IPC10 = 0xb8
                    0x00b8                  _IPC10 = 0xb8
                    0x00b8                  _IPC10bits = 0xb8
                    0x00ba                  IPC11 = 0xba
                    0x00ba                  _IPC11 = 0xba
                    0x00ba                  _IPC11bits = 0xba
                    0x00bc                  IPC12 = 0xbc
                    0x00bc                  _IPC12 = 0xbc
                    0x00bc                  _IPC12bits = 0xbc
                    0x00c2                  IPC15 = 0xc2
                    0x00c2                  _IPC15 = 0xc2
                    0x00c2                  _IPC15bits = 0xc2
                    0x00c4                  IPC16 = 0xc4
                    0x00c4                  _IPC16 = 0xc4
                    0x00c4                  _IPC16bits = 0xc4
                    0x00c8                  IPC18 = 0xc8
                    0x00c8                  _IPC18 = 0xc8
                    0x00c8                  _IPC18bits = 0xc8
                    0x0100                  TMR1 = 0x100
                    0x0100                  _TMR1 = 0x100
                    0x0102                  PR1 = 0x102
                    0x0102                  _PR1 = 0x102
                    0x0104                  T1CON = 0x104
                    0x0104                  _T1CON = 0x104
                    0x0104                  _T1CONbits = 0x104
                    0x0106                  TMR2 = 0x106
                    0x0106                  _TMR2 = 0x106
                    0x0108                  TMR3HLD = 0x108
                    0x0108                  _TMR3HLD = 0x108
                    0x010a                  TMR3 = 0x10a
                    0x010a                  _TMR3 = 0x10a
                    0x010c                  PR2 = 0x10c
                    0x010c                  _PR2 = 0x10c
                    0x010e                  PR3 = 0x10e
                    0x010e                  _PR3 = 0x10e
                    0x0110                  T2CON = 0x110
                    0x0110                  _T2CON = 0x110
                    0x0110                  _T2CONbits = 0x110
                    0x0112                  T3CON = 0x112
                    0x0112                  _T3CON = 0x112
                    0x0112                  _T3CONbits = 0x112
                    0x0114                  TMR4 = 0x114
                    0x0114                  _TMR4 = 0x114
                    0x0116                  TMR5HLD = 0x116
                    0x0116                  _TMR5HLD = 0x116
                    0x0118                  TMR5 = 0x118
                    0x0118                  _TMR5 = 0x118
                    0x011a                  PR4 = 0x11a
                    0x011a                  _PR4 = 0x11a
                    0x011c                  PR5 = 0x11c
                    0x011c                  _PR5 = 0x11c
                    0x011e                  T4CON = 0x11e
                    0x011e                  _T4CON = 0x11e
                    0x011e                  _T4CONbits = 0x11e
                    0x0120                  T5CON = 0x120
                    0x0120                  _T5CON = 0x120
                    0x0120                  _T5CONbits = 0x120
                    0x0140                  IC1BUF = 0x140
                    0x0140                  _IC1BUF = 0x140
                    0x0142                  IC1CON = 0x142
                    0x0142                  _IC1CON = 0x142
                    0x0142                  _IC1CONbits = 0x142
                    0x0144                  IC2BUF = 0x144
                    0x0144                  _IC2BUF = 0x144
                    0x0146                  IC2CON = 0x146
                    0x0146                  _IC2CON = 0x146
                    0x0146                  _IC2CONbits = 0x146
                    0x0148                  IC3BUF = 0x148
                    0x0148                  _IC3BUF = 0x148
                    0x014a                  IC3CON = 0x14a
                    0x014a                  _IC3CON = 0x14a
                    0x014a                  _IC3CONbits = 0x14a
                    0x014c                  IC4BUF = 0x14c
                    0x014c                  _IC4BUF = 0x14c
                    0x014e                  IC4CON = 0x14e
                    0x014e                  _IC4CON = 0x14e
                    0x014e                  _IC4CONbits = 0x14e
                    0x0150                  IC5BUF = 0x150
                    0x0150                  _IC5BUF = 0x150
                    0x0152                  IC5CON = 0x152
                    0x0152                  _IC5CON = 0x152
                    0x0152                  _IC5CONbits = 0x152
                    0x0180                  OC1RS = 0x180
                    0x0180                  _OC1RS = 0x180
                    0x0182                  OC1R = 0x182
                    0x0182                  _OC1R = 0x182
                    0x0184                  OC1CON = 0x184
                    0x0184                  _OC1CON = 0x184
                    0x0184                  _OC1CONbits = 0x184
                    0x0186                  OC2RS = 0x186
                    0x0186                  _OC2RS = 0x186
                    0x0188                  OC2R = 0x188
                    0x0188                  _OC2R = 0x188
                    0x018a                  OC2CON = 0x18a
                    0x018a                  _OC2CON = 0x18a
                    0x018a                  _OC2CONbits = 0x18a
                    0x018c                  OC3RS = 0x18c
                    0x018c                  _OC3RS = 0x18c
                    0x018e                  OC3R = 0x18e
                    0x018e                  _OC3R = 0x18e
                    0x0190                  OC3CON = 0x190
                    0x0190                  _OC3CON = 0x190
                    0x0190                  _OC3CONbits = 0x190
                    0x0192                  OC4RS = 0x192
                    0x0192                  _OC4RS = 0x192
                    0x0194                  OC4R = 0x194
                    0x0194                  _OC4R = 0x194
                    0x0196                  OC4CON = 0x196
                    0x0196                  _OC4CON = 0x196
                    0x0196                  _OC4CONbits = 0x196
                    0x0198                  OC5RS = 0x198
                    0x0198                  _OC5RS = 0x198
                    0x019a                  OC5R = 0x19a
                    0x019a                  _OC5R = 0x19a
                    0x019c                  OC5CON = 0x19c
                    0x019c                  _OC5CON = 0x19c
                    0x019c                  _OC5CONbits = 0x19c
                    0x0200                  I2C1RCV = 0x200
                    0x0200                  _I2C1RCV = 0x200
                    0x0202                  I2C1TRN = 0x202
                    0x0202                  _I2C1TRN = 0x202
                    0x0204                  I2C1BRG = 0x204
                    0x0204                  _I2C1BRG = 0x204
                    0x0206                  I2C1CON = 0x206
                    0x0206                  _I2C1CON = 0x206
                    0x0206                  _I2C1CONbits = 0x206
                    0x0208                  I2C1STAT = 0x208
                    0x0208                  _I2C1STAT = 0x208
                    0x0208                  _I2C1STATbits = 0x208
                    0x020a                  I2C1ADD = 0x20a
                    0x020a                  _I2C1ADD = 0x20a
                    0x020c                  I2C1MSK = 0x20c
                    0x020c                  _I2C1MSK = 0x20c
                    0x0210                  I2C2RCV = 0x210
                    0x0210                  _I2C2RCV = 0x210
                    0x0212                  I2C2TRN = 0x212
                    0x0212                  _I2C2TRN = 0x212
                    0x0214                  I2C2BRG = 0x214
                    0x0214                  _I2C2BRG = 0x214
                    0x0216                  I2C2CON = 0x216
                    0x0216                  _I2C2CON = 0x216
                    0x0216                  _I2C2CONbits = 0x216
                    0x0218                  I2C2STAT = 0x218
                    0x0218                  _I2C2STAT = 0x218
                    0x0218                  _I2C2STATbits = 0x218
                    0x021a                  I2C2ADD = 0x21a
                    0x021a                  _I2C2ADD = 0x21a
                    0x021c                  I2C2MSK = 0x21c
                    0x021c                  _I2C2MSK = 0x21c
                    0x0220                  U1MODE = 0x220
                    0x0220                  _U1MODE = 0x220
                    0x0220                  _U1MODEbits = 0x220
                    0x0222                  U1STA = 0x222
                    0x0222                  _U1STA = 0x222
                    0x0222                  _U1STAbits = 0x222
                    0x0224                  U1TXREG = 0x224
                    0x0224                  _U1TXREG = 0x224
                    0x0226                  U1RXREG = 0x226
                    0x0226                  _U1RXREG = 0x226
                    0x0228                  U1BRG = 0x228
                    0x0228                  _U1BRG = 0x228
                    0x0230                  U2MODE = 0x230
                    0x0230                  _U2MODE = 0x230
                    0x0230                  _U2MODEbits = 0x230
                    0x0232                  U2STA = 0x232
                    0x0232                  _U2STA = 0x232
                    0x0232                  _U2STAbits = 0x232
                    0x0234                  U2TXREG = 0x234
                    0x0234                  _U2TXREG = 0x234
                    0x0236                  U2RXREG = 0x236
                    0x0236                  _U2RXREG = 0x236
                    0x0238                  U2BRG = 0x238
                    0x0238                  _U2BRG = 0x238
                    0x0240                  SPI1STAT = 0x240
                    0x0240                  _SPI1STAT = 0x240
                    0x0240                  _SPI1STATbits = 0x240
                    0x0242                  SPI1CON1 = 0x242
                    0x0242                  _SPI1CON1 = 0x242
                    0x0242                  _SPI1CON1bits = 0x242
                    0x0244                  SPI1CON2 = 0x244
                    0x0244                  _SPI1CON2 = 0x244
                    0x0244                  _SPI1CON2bits = 0x244
                    0x0248                  SPI1BUF = 0x248
                    0x0248                  _SPI1BUF = 0x248
                    0x0260                  SPI2STAT = 0x260
                    0x0260                  _SPI2STAT = 0x260
                    0x0260                  _SPI2STATbits = 0x260
                    0x0262                  SPI2CON1 = 0x262
                    0x0262                  _SPI2CON1 = 0x262
                    0x0262                  _SPI2CON1bits = 0x262
                    0x0264                  SPI2CON2 = 0x264
                    0x0264                  _SPI2CON2 = 0x264
                    0x0264                  _SPI2CON2bits = 0x264
                    0x0268                  SPI2BUF = 0x268
                    0x0268                  _SPI2BUF = 0x268
                    0x02c0                  TRISA = 0x2c0
                    0x02c0                  _TRISA = 0x2c0
                    0x02c0                  _TRISAbits = 0x2c0
                    0x02c2                  PORTA = 0x2c2
                    0x02c2                  _PORTA = 0x2c2
                    0x02c2                  _PORTAbits = 0x2c2
                    0x02c4                  LATA = 0x2c4
                    0x02c4                  _LATA = 0x2c4
                    0x02c4                  _LATAbits = 0x2c4
                    0x02c6                  ODCA = 0x2c6
                    0x02c6                  _ODCA = 0x2c6
                    0x02c6                  _ODCAbits = 0x2c6
                    0x02c8                  TRISB = 0x2c8
                    0x02c8                  _TRISB = 0x2c8
                    0x02c8                  _TRISBbits = 0x2c8
                    0x02ca                  PORTB = 0x2ca
                    0x02ca                  _PORTB = 0x2ca
                    0x02ca                  _PORTBbits = 0x2ca
                    0x02cc                  LATB = 0x2cc
                    0x02cc                  _LATB = 0x2cc
                    0x02cc                  _LATBbits = 0x2cc
                    0x02ce                  ODCB = 0x2ce
                    0x02ce                  _ODCB = 0x2ce
                    0x02ce                  _ODCBbits = 0x2ce
                    0x02fc                  PADCFG1 = 0x2fc
                    0x02fc                  _PADCFG1 = 0x2fc
                    0x02fc                  _PADCFG1bits = 0x2fc
                    0x0300                  ADC1BUF0 = 0x300
                    0x0300                  _ADC1BUF0 = 0x300
                    0x0302                  ADC1BUF1 = 0x302
                    0x0302                  _ADC1BUF1 = 0x302
                    0x0304                  ADC1BUF2 = 0x304
                    0x0304                  _ADC1BUF2 = 0x304
                    0x0306                  ADC1BUF3 = 0x306
                    0x0306                  _ADC1BUF3 = 0x306
                    0x0308                  ADC1BUF4 = 0x308
                    0x0308                  _ADC1BUF4 = 0x308
                    0x030a                  ADC1BUF5 = 0x30a
                    0x030a                  _ADC1BUF5 = 0x30a
                    0x030c                  ADC1BUF6 = 0x30c
                    0x030c                  _ADC1BUF6 = 0x30c
                    0x030e                  ADC1BUF7 = 0x30e
                    0x030e                  _ADC1BUF7 = 0x30e
                    0x0310                  ADC1BUF8 = 0x310
                    0x0310                  _ADC1BUF8 = 0x310
                    0x0312                  ADC1BUF9 = 0x312
                    0x0312                  _ADC1BUF9 = 0x312
                    0x0314                  ADC1BUFA = 0x314
                    0x0314                  _ADC1BUFA = 0x314
                    0x0316                  ADC1BUFB = 0x316
                    0x0316                  _ADC1BUFB = 0x316
                    0x0318                  ADC1BUFC = 0x318
                    0x0318                  _ADC1BUFC = 0x318
                    0x031a                  ADC1BUFD = 0x31a
                    0x031a                  _ADC1BUFD = 0x31a
                    0x031c                  ADC1BUFE = 0x31c
                    0x031c                  _ADC1BUFE = 0x31c
                    0x031e                  ADC1BUFF = 0x31e
                    0x031e                  _ADC1BUFF = 0x31e
                    0x0320                  AD1CON1 = 0x320
                    0x0320                  _AD1CON1 = 0x320
                    0x0320                  _AD1CON1bits = 0x320
                    0x0322                  AD1CON2 = 0x322
                    0x0322                  _AD1CON2 = 0x322
                    0x0322                  _AD1CON2bits = 0x322
                    0x0324                  AD1CON3 = 0x324
                    0x0324                  _AD1CON3 = 0x324
                    0x0324                  _AD1CON3bits = 0x324
                    0x0328                  AD1CHS = 0x328
                    0x0328                  _AD1CHS = 0x328
                    0x0328                  _AD1CHSbits = 0x328
                    0x032c                  AD1PCFG = 0x32c
                    0x032c                  _AD1PCFG = 0x32c
                    0x032c                  _AD1PCFGbits = 0x32c
                    0x0330                  AD1CSSL = 0x330
                    0x0330                  _AD1CSSL = 0x330
                    0x0330                  _AD1CSSLbits = 0x330
                    0x0600                  PMCON = 0x600
                    0x0600                  _PMCON = 0x600
                    0x0600                  _PMCONbits = 0x600
                    0x0602                  PMMODE = 0x602
                    0x0602                  _PMMODE = 0x602
                    0x0602                  _PMMODEbits = 0x602
                    0x0604                  PMADDR = 0x604
                    0x0604                  _PMADDR = 0x604
                    0x0604                  _PMADDRbits = 0x604
                    0x0604                  PMDOUT1 = 0x604
                    0x0604                  _PMDOUT1 = 0x604
                    0x0604                  _PMDOUT1bits = 0x604
                    0x0606                  PMDOUT2 = 0x606
                    0x0606                  _PMDOUT2 = 0x606
                    0x0608                  PMDIN1 = 0x608
                    0x0608                  _PMDIN1 = 0x608
                    0x060a                  PMDIN2 = 0x60a
                    0x060a                  _PMDIN2 = 0x60a
                    0x060c                  PMAEN = 0x60c
                    0x060c                  _PMAEN = 0x60c
                    0x060c                  _PMAENbits = 0x60c
                    0x060e                  PMSTAT = 0x60e
                    0x060e                  _PMSTAT = 0x60e
                    0x060e                  _PMSTATbits = 0x60e
                    0x0620                  ALRMVAL = 0x620
                    0x0620                  _ALRMVAL = 0x620
                    0x0622                  ALCFGRPT = 0x622
                    0x0622                  _ALCFGRPT = 0x622
                    0x0622                  _ALCFGRPTbits = 0x622
                    0x0624                  RTCVAL = 0x624
                    0x0624                  _RTCVAL = 0x624
                    0x0626                  RCFGCAL = 0x626
                    0x0626                  _RCFGCAL = 0x626
                    0x0626                  _RCFGCALbits = 0x626
                    0x0630                  CMCON = 0x630
                    0x0630                  _CMCON = 0x630
                    0x0630                  _CMCONbits = 0x630
                    0x0632                  CVRCON = 0x632
                    0x0632                  _CVRCON = 0x632
                    0x0632                  _CVRCONbits = 0x632
                    0x0640                  CRCCON = 0x640
                    0x0640                  _CRCCON = 0x640
                    0x0640                  _CRCCONbits = 0x640
                    0x0642                  CRCXOR = 0x642
                    0x0642                  _CRCXOR = 0x642
                    0x0642                  _CRCXORbits = 0x642
                    0x0644                  CRCDAT = 0x644
                    0x0644                  _CRCDAT = 0x644
                    0x0646                  CRCWDAT = 0x646
                    0x0646                  _CRCWDAT = 0x646
                    0x0680                  RPINR0 = 0x680
                    0x0680                  _RPINR0 = 0x680
                    0x0680                  _RPINR0bits = 0x680
                    0x0682                  RPINR1 = 0x682
                    0x0682                  _RPINR1 = 0x682
                    0x0682                  _RPINR1bits = 0x682
                    0x0686                  RPINR3 = 0x686
                    0x0686                  _RPINR3 = 0x686
                    0x0686                  _RPINR3bits = 0x686
                    0x0688                  RPINR4 = 0x688
                    0x0688                  _RPINR4 = 0x688
                    0x0688                  _RPINR4bits = 0x688
                    0x068e                  RPINR7 = 0x68e
                    0x068e                  _RPINR7 = 0x68e
                    0x068e                  _RPINR7bits = 0x68e
                    0x0690                  RPINR8 = 0x690
                    0x0690                  _RPINR8 = 0x690
                    0x0690                  _RPINR8bits = 0x690
                    0x0692                  RPINR9 = 0x692
                    0x0692                  _RPINR9 = 0x692
                    0x0692                  _RPINR9bits = 0x692
                    0x0696                  RPINR11 = 0x696
                    0x0696                  _RPINR11 = 0x696
                    0x0696                  _RPINR11bits = 0x696
                    0x06a4                  RPINR18 = 0x6a4
                    0x06a4                  _RPINR18 = 0x6a4
                    0x06a4                  _RPINR18bits = 0x6a4
                    0x06a6                  RPINR19 = 0x6a6
                    0x06a6                  _RPINR19 = 0x6a6
                    0x06a6                  _RPINR19bits = 0x6a6
                    0x06a8                  RPINR20 = 0x6a8
                    0x06a8                  _RPINR20 = 0x6a8
                    0x06a8                  _RPINR20bits = 0x6a8
                    0x06aa                  RPINR21 = 0x6aa
                    0x06aa                  _RPINR21 = 0x6aa
                    0x06aa                  _RPINR21bits = 0x6aa
                    0x06ac                  RPINR22 = 0x6ac
                    0x06ac                  _RPINR22 = 0x6ac
                    0x06ac                  _RPINR22bits = 0x6ac
                    0x06ae                  RPINR23 = 0x6ae
                    0x06ae                  _RPINR23 = 0x6ae
                    0x06ae                  _RPINR23bits = 0x6ae
                    0x06c0                  RPOR0 = 0x6c0
                    0x06c0                  _RPOR0 = 0x6c0
                    0x06c0                  _RPOR0bits = 0x6c0
                    0x06c2                  RPOR1 = 0x6c2
                    0x06c2                  _RPOR1 = 0x6c2
                    0x06c2                  _RPOR1bits = 0x6c2
                    0x06c4                  RPOR2 = 0x6c4
                    0x06c4                  _RPOR2 = 0x6c4
                    0x06c4                  _RPOR2bits = 0x6c4
                    0x06c6                  RPOR3 = 0x6c6
                    0x06c6                  _RPOR3 = 0x6c6
                    0x06c6                  _RPOR3bits = 0x6c6
                    0x06c8                  RPOR4 = 0x6c8
                    0x06c8                  _RPOR4 = 0x6c8
                    0x06c8                  _RPOR4bits = 0x6c8
                    0x06ca                  RPOR5 = 0x6ca
                    0x06ca                  _RPOR5 = 0x6ca
                    0x06ca                  _RPOR5bits = 0x6ca
                    0x06cc                  RPOR6 = 0x6cc
                    0x06cc                  _RPOR6 = 0x6cc
                    0x06cc                  _RPOR6bits = 0x6cc
                    0x06ce                  RPOR7 = 0x6ce
                    0x06ce                  _RPOR7 = 0x6ce
                    0x06ce                  _RPOR7bits = 0x6ce
                    0x0740                  RCON = 0x740
                    0x0740                  _RCON = 0x740
                    0x0740                  _RCONbits = 0x740
                    0x0742                  OSCCON = 0x742
                    0x0742                  _OSCCON = 0x742
                    0x0742                  _OSCCONbits = 0x742
                    0x0742                  OSCCONL = 0x742
                    0x0742                  _OSCCONL = 0x742
                    0x0743                  OSCCONH = 0x743
                    0x0743                  _OSCCONH = 0x743
                    0x0744                  CLKDIV = 0x744
                    0x0744                  _CLKDIV = 0x744
                    0x0744                  _CLKDIVbits = 0x744
                    0x0748                  OSCTUN = 0x748
                    0x0748                  _OSCTUN = 0x748
                    0x0748                  _OSCTUNbits = 0x748
                    0x0760                  NVMCON = 0x760
                    0x0760                  _NVMCON = 0x760
                    0x0760                  _NVMCONbits = 0x760
                    0x0766                  NVMKEY = 0x766
                    0x0766                  _NVMKEY = 0x766
                    0x0770                  PMD1 = 0x770
                    0x0770                  _PMD1 = 0x770
                    0x0770                  _PMD1bits = 0x770
                    0x0772                  PMD2 = 0x772
                    0x0772                  _PMD2 = 0x772
                    0x0772                  _PMD2bits = 0x772
                    0x0774                  PMD3 = 0x774
                    0x0774                  _PMD3 = 0x774
                    0x0774                  _PMD3bits = 0x774
                    0x0140                  IC1 = 0x140
                    0x0140                  _IC1 = 0x140
                    0x0144                  IC2 = 0x144
                    0x0144                  _IC2 = 0x144
                    0x0148                  IC3 = 0x148
                    0x0148                  _IC3 = 0x148
                    0x014c                  IC4 = 0x14c
                    0x014c                  _IC4 = 0x14c
                    0x0150                  IC5 = 0x150
                    0x0150                  _IC5 = 0x150
                    0x0180                  OC1 = 0x180
                    0x0180                  _OC1 = 0x180
                    0x0186                  OC2 = 0x186
                    0x0186                  _OC2 = 0x186
                    0x018c                  OC3 = 0x18c
                    0x018c                  _OC3 = 0x18c
                    0x0192                  OC4 = 0x192
                    0x0192                  _OC4 = 0x192
                    0x0198                  OC5 = 0x198
                    0x0198                  _OC5 = 0x198
                    0x0240                  SPI1 = 0x240
                    0x0240                  _SPI1 = 0x240
                    0x0260                  SPI2 = 0x260
                    0x0260                  _SPI2 = 0x260
                    0x0220                  UART1 = 0x220
                    0x0220                  _UART1 = 0x220
                    0x0230                  UART2 = 0x230
                    0x0230                  _UART2 = 0x230
START GROUP
LOAD d:/program files (x86)/microchip/xc16/v1.41/bin/bin/../../lib\liblega-pic30-elf.a
LOAD d:/program files (x86)/microchip/xc16/v1.41/bin/bin/../../lib\libm-elf.a
LOAD d:/program files (x86)/microchip/xc16/v1.41/bin/bin/../../lib\liblega-c-elf.a
END GROUP
OUTPUT(dist/simulation/debug/calculator.X.debug.elf elf32-pic30)
LOAD jump_table
LOAD default_isr
LOAD data_init

.debug_pubtypes
                  0x000060        0x11f
 .debug_pubtypes
                  0x000060         0xd7 build/simulation/debug/main.o
 .debug_pubtypes
                  0x000137         0x12 build/simulation/debug/interpreteur.o
 .debug_pubtypes
                  0x000149         0x1b build/simulation/debug/datas.o
 .debug_pubtypes
                  0x000164         0x1b build/simulation/debug/calculation.o

__c30_signature
                  0x00017f        0x29a
 __c30_signature
                  0x00017f          0x6 build/simulation/debug/main.o
 __c30_signature
                  0x000185          0x6 build/simulation/debug/interpreteur.o
 __c30_signature
                  0x00018b          0x6 build/simulation/debug/datas.o
 __c30_signature
                  0x000191          0x6 build/simulation/debug/calculation.o
 __c30_signature
                  0x000197          0x6 d:/program files (x86)/microchip/xc16/v1.41/bin/bin/../../lib\liblega-pic30-elf.a(crt0_standard.o)
 __c30_signature
                  0x00019d          0x6 d:/program files (x86)/microchip/xc16/v1.41/bin/bin/../../lib\liblega-pic30-elf.a(data_init_standard.o)
 __c30_signature
                  0x0001a3          0x6 d:/program files (x86)/microchip/xc16/v1.41/bin/bin/../../lib\liblega-pic30-elf.a(delay32.Leo)
 __c30_signature
                  0x0001a9          0x6 d:/program files (x86)/microchip/xc16/v1.41/bin/bin/../../lib\libm-elf.a(addsf3.eo)
 __c30_signature
                  0x0001af          0x6 d:/program files (x86)/microchip/xc16/v1.41/bin/bin/../../lib\libm-elf.a(cosf.eo)
 __c30_signature
                  0x0001b5          0x6 d:/program files (x86)/microchip/xc16/v1.41/bin/bin/../../lib\libm-elf.a(divsf3.eo)
 __c30_signature
                  0x0001bb          0x6 d:/program files (x86)/microchip/xc16/v1.41/bin/bin/../../lib\libm-elf.a(feqltle.eo)
 __c30_signature
                  0x0001c1          0x6 d:/program files (x86)/microchip/xc16/v1.41/bin/bin/../../lib\libm-elf.a(fgtge.eo)
 __c30_signature
                  0x0001c7          0x6 d:/program files (x86)/microchip/xc16/v1.41/bin/bin/../../lib\libm-elf.a(fixsfsi.eo)
 __c30_signature
                  0x0001cd          0x6 d:/program files (x86)/microchip/xc16/v1.41/bin/bin/../../lib\libm-elf.a(fne.eo)
 __c30_signature
                  0x0001d3          0x6 d:/program files (x86)/microchip/xc16/v1.41/bin/bin/../../lib\libm-elf.a(fpack.eo)
 __c30_signature
                  0x0001d9          0x6 d:/program files (x86)/microchip/xc16/v1.41/bin/bin/../../lib\libm-elf.a(funpack.eo)
 __c30_signature
                  0x0001df          0x6 d:/program files (x86)/microchip/xc16/v1.41/bin/bin/../../lib\libm-elf.a(funpack2.eo)
 __c30_signature
                  0x0001e5          0x6 d:/program files (x86)/microchip/xc16/v1.41/bin/bin/../../lib\libm-elf.a(futil.eo)
 __c30_signature
                  0x0001eb          0x6 d:/program files (x86)/microchip/xc16/v1.41/bin/bin/../../lib\libm-elf.a(logf.eo)
 __c30_signature
                  0x0001f1          0x6 d:/program files (x86)/microchip/xc16/v1.41/bin/bin/../../lib\libm-elf.a(mulsf3.eo)
 __c30_signature
                  0x0001f7          0x6 d:/program files (x86)/microchip/xc16/v1.41/bin/bin/../../lib\libm-elf.a(powf.eo)
 __c30_signature
                  0x0001fd          0x6 d:/program files (x86)/microchip/xc16/v1.41/bin/bin/../../lib\libm-elf.a(sincosf.eo)
 __c30_signature
                  0x000203          0x6 d:/program files (x86)/microchip/xc16/v1.41/bin/bin/../../lib\libm-elf.a(sinf.eo)
 __c30_signature
                  0x000209          0x6 d:/program files (x86)/microchip/xc16/v1.41/bin/bin/../../lib\libm-elf.a(sqrtf.eo)
 __c30_signature
                  0x00020f          0x6 d:/program files (x86)/microchip/xc16/v1.41/bin/bin/../../lib\libm-elf.a(tanf.eo)
 __c30_signature
                  0x000215          0x6 d:/program files (x86)/microchip/xc16/v1.41/bin/bin/../../lib\libm-elf.a(divmoddi3.eo)
 __c30_signature
                  0x00021b          0x6 d:/program files (x86)/microchip/xc16/v1.41/bin/bin/../../lib\libm-elf.a(muldi3.eo)
 __c30_signature
                  0x000221          0x6 d:/program files (x86)/microchip/xc16/v1.41/bin/bin/../../lib\libm-elf.a(_frexpf.eo)
 __c30_signature
                  0x000227          0x6 d:/program files (x86)/microchip/xc16/v1.41/bin/bin/../../lib\libm-elf.a(errno.eo)
 __c30_signature
                  0x00022d          0x6 d:/program files (x86)/microchip/xc16/v1.41/bin/bin/../../lib\libm-elf.a(expf.eo)
 __c30_signature
                  0x000233          0x6 d:/program files (x86)/microchip/xc16/v1.41/bin/bin/../../lib\libm-elf.a(fchop.eo)
 __c30_signature
                  0x000239          0x6 d:/program files (x86)/microchip/xc16/v1.41/bin/bin/../../lib\libm-elf.a(fcompare.eo)
 __c30_signature
                  0x00023f          0x6 d:/program files (x86)/microchip/xc16/v1.41/bin/bin/../../lib\libm-elf.a(floatsisf.eo)
 __c30_signature
                  0x000245          0x6 d:/program files (x86)/microchip/xc16/v1.41/bin/bin/../../lib\libm-elf.a(fmodf.eo)
 __c30_signature
                  0x00024b          0x6 d:/program files (x86)/microchip/xc16/v1.41/bin/bin/../../lib\libm-elf.a(fmodrem.eo)
 __c30_signature
                  0x000251          0x6 d:/program files (x86)/microchip/xc16/v1.41/bin/bin/../../lib\libm-elf.a(ldexpf.eo)
 __c30_signature
                  0x000257          0x6 d:/program files (x86)/microchip/xc16/v1.41/bin/bin/../../lib\libm-elf.a(umuldi3.eo)
 __c30_signature
                  0x00025d          0x6 d:/program files (x86)/microchip/xc16/v1.41/bin/bin/../../lib\libm-elf.a(floatdisf.eo)
 __c30_signature
                  0x000263          0x6 d:/program files (x86)/microchip/xc16/v1.41/bin/bin/../../lib\libm-elf.a(floatundisf.eo)
 __c30_signature
                  0x000269          0x6 d:/program files (x86)/microchip/xc16/v1.41/bin/bin/../../lib\liblega-c-elf.a(memcpy.XX_eo)
 __c30_signature
                  0x00026f          0x6 d:/program files (x86)/microchip/xc16/v1.41/bin/bin/../../lib\liblega-c-elf.a(putchar.XX_eo)
 __c30_signature
                  0x000275          0x6 d:/program files (x86)/microchip/xc16/v1.41/bin/bin/../../lib\liblega-c-elf.a(puts.XX_eo)
 __c30_signature
                  0x00027b          0x6 d:/program files (x86)/microchip/xc16/v1.41/bin/bin/../../lib\liblega-c-elf.a(strcat.XX_eo)
 __c30_signature
                  0x000281          0x6 d:/program files (x86)/microchip/xc16/v1.41/bin/bin/../../lib\liblega-c-elf.a(strcmp.XX_eo)
 __c30_signature
                  0x000287          0x6 d:/program files (x86)/microchip/xc16/v1.41/bin/bin/../../lib\liblega-c-elf.a(strcpy.XX_eo)
 __c30_signature
                  0x00028d          0x6 d:/program files (x86)/microchip/xc16/v1.41/bin/bin/../../lib\liblega-c-elf.a(strlen.XX_eo)
 __c30_signature
                  0x000293          0x6 d:/program files (x86)/microchip/xc16/v1.41/bin/bin/../../lib\liblega-c-elf.a(xfiles.XX_eo)
 __c30_signature
                  0x000299          0x6 d:/program files (x86)/microchip/xc16/v1.41/bin/bin/../../lib\liblega-c-elf.a(xstod.XX_eo)
 __c30_signature
                  0x00029f          0x6 d:/program files (x86)/microchip/xc16/v1.41/bin/bin/../../lib\liblega-c-elf.a(xstoflt.XX_eo)
 __c30_signature
                  0x0002a5          0x6 d:/program files (x86)/microchip/xc16/v1.41/bin/bin/../../lib\liblega-c-elf.a(xstopfx.XX_eo)
 __c30_signature
                  0x0002ab          0x6 d:/program files (x86)/microchip/xc16/v1.41/bin/bin/../../lib\liblega-c-elf.a(xstoxflt.XX_eo)
 __c30_signature
                  0x0002b1          0x6 d:/program files (x86)/microchip/xc16/v1.41/bin/bin/../../lib\liblega-c-elf.a(isalnum.XX_elso)
 __c30_signature
                  0x0002b7          0x6 d:/program files (x86)/microchip/xc16/v1.41/bin/bin/../../lib\liblega-c-elf.a(isspace.XX_elso)
 __c30_signature
                  0x0002bd          0x6 d:/program files (x86)/microchip/xc16/v1.41/bin/bin/../../lib\liblega-c-elf.a(fputc.XX_elo)
 __c30_signature
                  0x0002c3          0x6 d:/program files (x86)/microchip/xc16/v1.41/bin/bin/../../lib\liblega-c-elf.a(xdtento.XX_elo)
 __c30_signature
                  0x0002c9          0x6 d:/program files (x86)/microchip/xc16/v1.41/bin/bin/../../lib\liblega-c-elf.a(xfdscale.XX_elo)
 __c30_signature
                  0x0002cf          0x6 d:/program files (x86)/microchip/xc16/v1.41/bin/bin/../../lib\liblega-c-elf.a(xfdunsca.XX_elo)
 __c30_signature
                  0x0002d5          0x6 d:/program files (x86)/microchip/xc16/v1.41/bin/bin/../../lib\liblega-c-elf.a(xferaise.XX_elo)
 __c30_signature
                  0x0002db          0x6 d:/program files (x86)/microchip/xc16/v1.41/bin/bin/../../lib\liblega-c-elf.a(sprintf_cdfFgGnopsuxX.XXeo)
 __c30_signature
                  0x0002e1          0x6 d:/program files (x86)/microchip/xc16/v1.41/bin/bin/../../lib\liblega-c-elf.a(xprintf_cdfFgGnopsuxX.XXeo)
 __c30_signature
                  0x0002e7          0x6 d:/program files (x86)/microchip/xc16/v1.41/bin/bin/../../lib\liblega-c-elf.a(xputfld_cdfFgGnopsuxX.XXeo)
 __c30_signature
                  0x0002ed          0x6 d:/program files (x86)/microchip/xc16/v1.41/bin/bin/../../lib\liblega-c-elf.a(xldtob_cdfFgGnopsuxX.XXeo)
 __c30_signature
                  0x0002f3          0x6 d:/program files (x86)/microchip/xc16/v1.41/bin/bin/../../lib\liblega-c-elf.a(xgenld_cdfFgGnopsuxX.XXeo)
 __c30_signature
                  0x0002f9          0x6 d:/program files (x86)/microchip/xc16/v1.41/bin/bin/../../lib\liblega-c-elf.a(printf_cdnopsuxX.XXeo)
 __c30_signature
                  0x0002ff          0x6 d:/program files (x86)/microchip/xc16/v1.41/bin/bin/../../lib\liblega-c-elf.a(div.XX_eo)
 __c30_signature
                  0x000305          0x6 d:/program files (x86)/microchip/xc16/v1.41/bin/bin/../../lib\liblega-c-elf.a(fflush.XX_eo)
 __c30_signature
                  0x00030b          0x6 d:/program files (x86)/microchip/xc16/v1.41/bin/bin/../../lib\liblega-c-elf.a(fputs.XX_eo)
 __c30_signature
                  0x000311          0x6 d:/program files (x86)/microchip/xc16/v1.41/bin/bin/../../lib\liblega-c-elf.a(fwrite.XX_eo)
 __c30_signature
                  0x000317          0x6 d:/program files (x86)/microchip/xc16/v1.41/bin/bin/../../lib\liblega-c-elf.a(ldiv.XX_eo)
 __c30_signature
                  0x00031d          0x6 d:/program files (x86)/microchip/xc16/v1.41/bin/bin/../../lib\liblega-c-elf.a(memchr.XX_eo)
 __c30_signature
                  0x000323          0x6 d:/program files (x86)/microchip/xc16/v1.41/bin/bin/../../lib\liblega-c-elf.a(strchr.XX_eo)
 __c30_signature
                  0x000329          0x6 d:/program files (x86)/microchip/xc16/v1.41/bin/bin/../../lib\liblega-c-elf.a(strrchr.XX_eo)
 __c30_signature
                  0x00032f          0x6 d:/program files (x86)/microchip/xc16/v1.41/bin/bin/../../lib\liblega-c-elf.a(xfdnorm.XX_eo)
 __c30_signature
                  0x000335          0x6 d:/program files (x86)/microchip/xc16/v1.41/bin/bin/../../lib\liblega-c-elf.a(xfwprep.XX_eo)
 __c30_signature
                  0x00033b          0x6 d:/program files (x86)/microchip/xc16/v1.41/bin/bin/../../lib\liblega-c-elf.a(xldunsca.XX_eo)
 __c30_signature
                  0x000341          0x6 d:/program files (x86)/microchip/xc16/v1.41/bin/bin/../../lib\liblega-c-elf.a(xlitob.XX_eo)
 __c30_signature
                  0x000347          0x6 d:/program files (x86)/microchip/xc16/v1.41/bin/bin/../../lib\liblega-c-elf.a(xputtxt.XX_eo)
 __c30_signature
                  0x00034d          0x6 d:/program files (x86)/microchip/xc16/v1.41/bin/bin/../../lib\liblega-c-elf.a(xvacopy.XX_eo)
 __c30_signature
                  0x000353          0x6 d:/program files (x86)/microchip/xc16/v1.41/bin/bin/../../lib\liblega-c-elf.a(fclose.XX_elo)
 __c30_signature
                  0x000359          0x6 d:/program files (x86)/microchip/xc16/v1.41/bin/bin/../../lib\liblega-c-elf.a(xatexit.XX_elo)
 __c30_signature
                  0x00035f          0x6 d:/program files (x86)/microchip/xc16/v1.41/bin/bin/../../lib\liblega-c-elf.a(xdnorm.XX_elo)
 __c30_signature
                  0x000365          0x6 d:/program files (x86)/microchip/xc16/v1.41/bin/bin/../../lib\liblega-c-elf.a(free.XX_eo)
 __c30_signature
                  0x00036b          0x6 d:/program files (x86)/microchip/xc16/v1.41/bin/bin/../../lib\liblega-c-elf.a(malloc.XX_eo)
 __c30_signature
                  0x000371          0x6 d:/program files (x86)/microchip/xc16/v1.41/bin/bin/../../lib\liblega-c-elf.a(xgetmem.XX_eo)
 __c30_signature
                  0x000377          0x6 d:/program files (x86)/microchip/xc16/v1.41/bin/bin/../../lib\liblega-pic30-elf.a(close.Leo)
 __c30_signature
                  0x00037d          0x6 d:/program files (x86)/microchip/xc16/v1.41/bin/bin/../../lib\liblega-pic30-elf.a(write.Leo)
 __c30_signature
                  0x000383          0x6 d:/program files (x86)/microchip/xc16/v1.41/bin/bin/../../lib\liblega-pic30-elf.a(remove.Leo)
 __c30_signature
                  0x000389          0x6 d:/program files (x86)/microchip/xc16/v1.41/bin/bin/../../lib\liblega-pic30-elf.a(sbrk.Leo)
 __c30_signature
                  0x00038f          0x6 d:/program files (x86)/microchip/xc16/v1.41/bin/bin/../../lib\liblega-pic30-elf.a(c30_uart.Leo)
 __c30_signature
                  0x000395          0x6 d:/program files (x86)/microchip/xc16/v1.41/bin/bin/../../lib\liblega-pic30-elf.a(brk.Lelo)
 __c30_signature
                  0x00039b          0x6 d:/program files (x86)/microchip/xc16/v1.41/bin/bin/../../lib\libm-elf.a(deqltle.eo)
 __c30_signature
                  0x0003a1          0x6 d:/program files (x86)/microchip/xc16/v1.41/bin/bin/../../lib\libm-elf.a(dgtge.eo)
 __c30_signature
                  0x0003a7          0x6 d:/program files (x86)/microchip/xc16/v1.41/bin/bin/../../lib\libm-elf.a(divdf3.eo)
 __c30_signature
                  0x0003ad          0x6 d:/program files (x86)/microchip/xc16/v1.41/bin/bin/../../lib\libm-elf.a(divsi3.eo)
 __c30_signature
                  0x0003b3          0x6 d:/program files (x86)/microchip/xc16/v1.41/bin/bin/../../lib\libm-elf.a(dpack.eo)
 __c30_signature
                  0x0003b9          0x6 d:/program files (x86)/microchip/xc16/v1.41/bin/bin/../../lib\libm-elf.a(dunpack2.eo)
 __c30_signature
                  0x0003bf          0x6 d:/program files (x86)/microchip/xc16/v1.41/bin/bin/../../lib\libm-elf.a(extendsfdf.eo)
 __c30_signature
                  0x0003c5          0x6 d:/program files (x86)/microchip/xc16/v1.41/bin/bin/../../lib\libm-elf.a(fixdfsi.eo)
 __c30_signature
                  0x0003cb          0x6 d:/program files (x86)/microchip/xc16/v1.41/bin/bin/../../lib\libm-elf.a(floatsidf.eo)
 __c30_signature
                  0x0003d1          0x6 d:/program files (x86)/microchip/xc16/v1.41/bin/bin/../../lib\libm-elf.a(muldf3.eo)
 __c30_signature
                  0x0003d7          0x6 d:/program files (x86)/microchip/xc16/v1.41/bin/bin/../../lib\libm-elf.a(subdf3.eo)
 __c30_signature
                  0x0003dd          0x6 d:/program files (x86)/microchip/xc16/v1.41/bin/bin/../../lib\libm-elf.a(udivsi3.eo)
 __c30_signature
                  0x0003e3          0x6 d:/program files (x86)/microchip/xc16/v1.41/bin/bin/../../lib\libm-elf.a(umodsi3.eo)
 __c30_signature
                  0x0003e9          0x6 d:/program files (x86)/microchip/xc16/v1.41/bin/bin/../../lib\libm-elf.a(mulsi3.eo)
 __c30_signature
                  0x0003ef          0x6 d:/program files (x86)/microchip/xc16/v1.41/bin/bin/../../lib\libm-elf.a(adddf3.eo)
 __c30_signature
                  0x0003f5          0x6 d:/program files (x86)/microchip/xc16/v1.41/bin/bin/../../lib\libm-elf.a(dcompare.eo)
 __c30_signature
                  0x0003fb          0x6 d:/program files (x86)/microchip/xc16/v1.41/bin/bin/../../lib\libm-elf.a(dpropagateNaN.eo)
 __c30_signature
                  0x000401          0x6 d:/program files (x86)/microchip/xc16/v1.41/bin/bin/../../lib\libm-elf.a(dtype.eo)
 __c30_signature
                  0x000407          0x6 d:/program files (x86)/microchip/xc16/v1.41/bin/bin/../../lib\libm-elf.a(dunpack.eo)
 __c30_signature
                  0x00040d          0x6 d:/program files (x86)/microchip/xc16/v1.41/bin/bin/../../lib\libm-elf.a(floatdidf.eo)
 __c30_signature
                  0x000413          0x6 d:/program files (x86)/microchip/xc16/v1.41/bin/bin/../../lib\libm-elf.a(floatundidf.eo)

.nbss               0x0800         0x16
 .nbss              0x0800         0x12 build/simulation/debug/main.o
                    0x0800                  _pDict
                    0x0802                  _pProg
                    0x0804                  _pStack
                    0x0806                  _sStack
                    0x0808                  _pReturnStack
                    0x080a                  _execError
                    0x080c                  _kbdState
                    0x080e                  _funcLevel
                    0x0810                  _iMF
 .nbss              0x0812          0x4 build/simulation/debug/datas.o
                    0x0812                  _vconv

.ndata              0x0816          0x2
 .ndata             0x0816          0x2 build/simulation/debug/main.o
                    0x0816                  _retard

.nbss               0x0818          0x4
 .nbss              0x0818          0x2 build/simulation/debug/calculation.o
                    0x0818                  _pRetStack
 .nbss              0x081a          0x2 d:/program files (x86)/microchip/xc16/v1.41/bin/bin/../../lib\libm-elf.a(errno.eo)
                    0x081a                  _errno

.bss                0x081c        0xd48
 .bss               0x081c        0x7d0 build/simulation/debug/datas.o
                    0x081c                  _mem
 .bss               0x0fec        0x460 build/simulation/debug/main.o
                    0x0fec                  _buffer
                    0x1000                  _line1
                    0x1014                  _line2
                    0x1028                  _buff
                    0x103c                  _line
                    0x1050                  _errorMsg
                    0x1064                  _bufferFunc
 .bss               0x144c        0x118 build/simulation/debug/calculation.o
                    0x144c                  _retStack

.data               0x1564        0x182
 .data              0x1564         0x88 d:/program files (x86)/microchip/xc16/v1.41/bin/bin/../../lib\liblega-c-elf.a(xfiles.XX_eo)
                    0x1564                  __Stdin
                    0x158c                  __Stdout
                    0x15b4                  __Stderr
                    0x15dc                  __Files
 .data              0x15ec         0x58 d:/program files (x86)/microchip/xc16/v1.41/bin/bin/../../lib\liblega-c-elf.a(xldtob_cdfFgGnopsuxX.XXeo)
 .data              0x1644         0x2e d:/program files (x86)/microchip/xc16/v1.41/bin/bin/../../lib\liblega-c-elf.a(xstoxflt.XX_eo)
 .data              0x1672         0x22 d:/program files (x86)/microchip/xc16/v1.41/bin/bin/../../lib\liblega-c-elf.a(xlitob.XX_eo)
 .data              0x1694         0x20 d:/program files (x86)/microchip/xc16/v1.41/bin/bin/../../lib\liblega-c-elf.a(xstoflt.XX_eo)
 .data              0x16b4         0x1a d:/program files (x86)/microchip/xc16/v1.41/bin/bin/../../lib\liblega-c-elf.a(xprintf_cdfFgGnopsuxX.XXeo)
 .data              0x16ce         0x18 d:/program files (x86)/microchip/xc16/v1.41/bin/bin/../../lib\liblega-c-elf.a(xdtento.XX_elo)

.bss                0x16e6         0x18
 .bss               0x16e6         0x14 build/simulation/debug/interpreteur.o
                    0x16e6                  _buf
 .bss               0x16fa          0x4 d:/program files (x86)/microchip/xc16/v1.41/bin/bin/../../lib\liblega-c-elf.a(malloc.XX_eo)
                    0x16fa                  __Aldata

.data               0x16fe          0x2
 .data              0x16fe          0x2 d:/program files (x86)/microchip/xc16/v1.41/bin/bin/../../lib\liblega-c-elf.a(xgenld_cdfFgGnopsuxX.XXeo)

.bss                0x1700          0x2
 .bss               0x1700          0x2 d:/program files (x86)/microchip/xc16/v1.41/bin/bin/../../lib\liblega-c-elf.a(fclose.XX_elo)

.data               0x1702          0x4
 .data              0x1702          0x2 d:/program files (x86)/microchip/xc16/v1.41/bin/bin/../../lib\liblega-c-elf.a(malloc.XX_eo)
                    0x1702                  __Size_block
 .data              0x1704          0x2 d:/program files (x86)/microchip/xc16/v1.41/bin/bin/../../lib\liblega-pic30-elf.a(c30_uart.Leo)
                    0x1704                  ___C30_UART

.bss                0x1706          0x2
 .bss               0x1706          0x2 d:/program files (x86)/microchip/xc16/v1.41/bin/bin/../../lib\liblega-pic30-elf.a(brk.Lelo)
                    0x1706                  ___curbrk

.config_JTAGEN    0x00abfe          0x2
 .config_JTAGEN
                  0x00abfe          0x2 build/simulation/debug/main.o

.config_IESO      0x00abfc          0x2
 .config_IESO     0x00abfc          0x2 build/simulation/debug/main.o

.const              0xb172        0x432 load address 0x003172  
 .const             0xb172        0x2d6 build/simulation/debug/main.o
 .const             0xb448         0xca build/simulation/debug/interpreteur.o
 .const             0xb512         0x6e build/simulation/debug/datas.o
 .const             0xb580         0x24 build/simulation/debug/calculation.o

.text             0x0035a4       0x2d9c
 .text            0x0035a4       0x127e build/simulation/debug/main.o
                  0x0035a4                  _Lcd_Port
                  0x0035e6                  _Lcd_Cmd
                  0x003612                  _Lcd_Clear
                  0x003620                  _Lcd_Set_Cursor
                  0x00366e                  _Lcd_Init
                  0x0036b2                  _Lcd_Write_Char
                  0x0036ea                  _Lcd_Write_String
                  0x003710                  _Lcd_Shift_Right
                  0x00371e                  _Lcd_Shift_Left
                  0x00372c                  _printLcd
                  0x003746                  _clearLcd
                  0x003760                  _dispLine1
                  0x00377a                  _dispLine2
                  0x003794                  _msgCrt
                  0x0037ac                  _msg
                  0x0037c6                  _writeError
                  0x0037f8                  _menu
                  0x003818                  _initKbd
                  0x00383c                  _readRow
                  0x0038aa                  _delayKbd
                  0x0038b6                  _findKey
                  0x003964                  _readKey
                  0x003988                  _waitKey
                  0x0039a8                  _testKeyC
                  0x0039c6                  _strIns
                  0x003a30                  _decAlphaKeyboard
                  0x003c84                  _decShiftKeyboard
                  0x003ed8                  _decKeyboard
                  0x00412c                  _delay
                  0x00415e                  _dispStack
                  0x0041b0                  _printError
                  0x0041c2                  _defineFunction
                  0x0041e8                  _messageError
                  0x00425a                  _dispEditLine
                  0x004274                  _indicator
                  0x004286                  _mot
                  0x00438a                  _motInsert
                  0x0043d4                  _editFunction
                  0x0044b0                  _menuFunc
                  0x0045ac                  _goSleep
                  0x0045c8                  _main
 .text            0x004822        0xa30 build/simulation/debug/datas.o
                  0x004822                  _initDict
                  0x00482c                  _setSize
                  0x00484c                  _getSize
                  0x004868                  _setType
                  0x00487c                  _getType
                  0x00488c                  _setDouble
                  0x0048c2                  _getDouble
                  0x0048f2                  _storeDouble
                  0x004924                  _setInt
                  0x00494e                  _getInt
                  0x00496a                  _storeInt
                  0x004998                  _setInst
                  0x0049c2                  _getInst
                  0x0049de                  _storeInst
                  0x004a0c                  _setString
                  0x004a3e                  _getString
                  0x004a7c                  _storeString
                  0x004ab0                  _getFunc
                  0x004aee                  _initStack
                  0x004afa                  _nextpStack
                  0x004b1e                  _stackPushDouble
                  0x004b38                  _stackGetTopDouble
                  0x004b58                  _stackPushInt
                  0x004b6e                  _stackPushInst
                  0x004b84                  _stackPushString
                  0x004b9a                  _stackGetTopString
                  0x004bd6                  _stackPop
                  0x004c14                  _stackGetTopType
                  0x004c24                  _disp
                  0x004cd6                  _stackDisp
                  0x004dac                  _stackPrint
                  0x004de0                  _dictPrint
                  0x004e18                  _setVarLevel
                  0x004e2e                  _getVarLevel
                  0x004e40                  _getVarName
                  0x004e7e                  _storeVar
                  0x004eba                  _nextpDict
                  0x004ed6                  _storeValue
                  0x004f12                  _getValue
                  0x004f42                  _findVar
                  0x004f96                  _supVarp
                  0x005012                  _supVar
                  0x00502a                  _supVarLevel
                  0x005060                  _setVar
                  0x00508a                  _getVar
                  0x0050b2                  _storeFunc
                  0x0050e6                  _setFunc
                  0x00510a                  _findFunc
                  0x005154                  _findFuncN
                  0x0051a6                  _numberOfFunction
                  0x0051d4                  _who
 .text            0x005252        0x94e build/simulation/debug/calculation.o
                  0x005252                  _initReturnStack
                  0x00525c                  _pushRetStack
                  0x005276                  _popRetStack
                  0x00528e                  _exec
                  0x0057fa                  _execFunc
 .text            0x005ba0        0x7a0 build/simulation/debug/interpreteur.o
                  0x005ba0                  _isNumber
                  0x005bd2                  _supDel
                  0x005c0e                  _decInst
                  0x005e3a                  _interpretString
                  0x005ef0                  _interpretFunction
                  0x005f02                  _compileString
                  0x005f52                  _append
                  0x005f78                  _sep
                  0x005f8e                  _compile
                  0x006004                  _decompile
                  0x0062aa                  _decompFunc

.dinit            0x006340        0x196
 .dinit           0x006340        0x196 data_init

.init.delay32     0x0064d6         0x1c
 .init.delay32    0x0064d6         0x1c d:/program files (x86)/microchip/xc16/v1.41/bin/bin/../../lib\liblega-pic30-elf.a(delay32.Leo)
                  0x0064d6                  ___delay32